Token(type=SLASH, lexeme=/, literal=null, line=1)
Token(type=STAR, lexeme=*, literal=null, line=1)
Token(type=IDENTIFIER, lexeme=not, literal=null, line=1)
Token(type=IDENTIFIER, lexeme=a, literal=null, line=1)
Token(type=IDENTIFIER, lexeme=real, literal=null, line=1)
Token(type=IDENTIFIER, lexeme=comment, literal=null, line=1)
Token(type=STAR, lexeme=*, literal=null, line=1)
Token(type=SLASH, lexeme=/, literal=null, line=1)
Token(type=EOF, lexeme=, literal=null, line=1)
